// Jest Snapshot v1, https://goo.gl/fbAQLP

exports[`Tag list test Renders correctly with no active tags 1`] = `ShallowWrapper {}`;

exports[`Tag list test renders correctly with no active tags 1`] = `ShallowWrapper {}`;

exports[`TagList renders correctly with no active tags 1`] = `ShallowWrapper {}`;
